2025-03-04 17:21:36,455 INFO o.a.j.u.JMeterUtils: Setting Locale to en_EN
2025-03-04 17:21:36,467 INFO o.a.j.JMeter: Loading user properties from: /home/cyang/Downloads/jmeter/bin/user.properties
2025-03-04 17:21:36,468 INFO o.a.j.JMeter: Loading system properties from: /home/cyang/Downloads/jmeter/bin/system.properties
2025-03-04 17:21:36,471 INFO o.a.j.JMeter: Copyright (c) 1998-2024 The Apache Software Foundation
2025-03-04 17:21:36,471 INFO o.a.j.JMeter: Version 5.6.3
2025-03-04 17:21:36,471 INFO o.a.j.JMeter: java.version=23.0.2
2025-03-04 17:21:36,471 INFO o.a.j.JMeter: java.vm.name=OpenJDK 64-Bit Server VM
2025-03-04 17:21:36,472 INFO o.a.j.JMeter: os.name=Linux
2025-03-04 17:21:36,472 INFO o.a.j.JMeter: os.arch=amd64
2025-03-04 17:21:36,472 INFO o.a.j.JMeter: os.version=6.11.0-17-generic
2025-03-04 17:21:36,472 INFO o.a.j.JMeter: file.encoding=UTF-8
2025-03-04 17:21:36,472 INFO o.a.j.JMeter: java.awt.headless=true
2025-03-04 17:21:36,472 INFO o.a.j.JMeter: Max memory     =1073741824
2025-03-04 17:21:36,472 INFO o.a.j.JMeter: Available Processors =6
2025-03-04 17:21:36,480 INFO o.a.j.JMeter: Default Locale=English (EN)
2025-03-04 17:21:36,481 INFO o.a.j.JMeter: JMeter  Locale=English (EN)
2025-03-04 17:21:36,481 INFO o.a.j.JMeter: JMeterHome=/home/cyang/Downloads/jmeter
2025-03-04 17:21:36,481 INFO o.a.j.JMeter: user.dir  =/home/cyang/Documents/bytedance_qing/repos/sky-take-out/jmeter
2025-03-04 17:21:36,481 INFO o.a.j.JMeter: PWD       =/home/cyang/Documents/bytedance_qing/repos/sky-take-out/jmeter
2025-03-04 17:21:36,481 INFO o.a.j.JMeter: IP: 127.0.1.1 Name: cyang-Dx-III FullName: cyang-Dx-III
2025-03-04 17:21:36,490 INFO o.a.j.s.FileServer: Default base='/home/cyang/Documents/bytedance_qing/repos/sky-take-out/jmeter'
2025-03-04 17:21:36,491 INFO o.a.j.s.FileServer: Set new base='/home/cyang/Documents/bytedance_qing/repos/sky-take-out/jmeter'
2025-03-04 17:21:36,686 INFO o.a.j.s.SaveService: Testplan (JMX) version: 2.2. Testlog (JTL) version: 2.2
2025-03-04 17:21:36,709 INFO o.a.j.s.SaveService: Using SaveService properties version 5.0
2025-03-04 17:21:36,712 INFO o.a.j.s.SaveService: Using SaveService properties file encoding UTF-8
2025-03-04 17:21:36,714 INFO o.a.j.s.SaveService: Loading file: hello.jmx
2025-03-04 17:21:36,754 INFO o.a.j.p.h.s.HTTPSamplerBase: Parser for text/html is org.apache.jmeter.protocol.http.parser.LagartoBasedHtmlParser
2025-03-04 17:21:36,754 INFO o.a.j.p.h.s.HTTPSamplerBase: Parser for application/xhtml+xml is org.apache.jmeter.protocol.http.parser.LagartoBasedHtmlParser
2025-03-04 17:21:36,754 INFO o.a.j.p.h.s.HTTPSamplerBase: Parser for application/xml is org.apache.jmeter.protocol.http.parser.LagartoBasedHtmlParser
2025-03-04 17:21:36,754 INFO o.a.j.p.h.s.HTTPSamplerBase: Parser for text/xml is org.apache.jmeter.protocol.http.parser.LagartoBasedHtmlParser
2025-03-04 17:21:36,754 INFO o.a.j.p.h.s.HTTPSamplerBase: Parser for text/vnd.wap.wml is org.apache.jmeter.protocol.http.parser.RegexpHTMLParser
2025-03-04 17:21:36,754 INFO o.a.j.p.h.s.HTTPSamplerBase: Parser for text/css is org.apache.jmeter.protocol.http.parser.CssParser
2025-03-04 17:21:36,771 INFO o.a.j.JMeter: Creating summariser <summary>
2025-03-04 17:21:36,781 INFO o.a.j.e.StandardJMeterEngine: Running the test!
2025-03-04 17:21:36,781 INFO o.a.j.s.SampleEvent: List of sample_variables: []
2025-03-04 17:21:36,781 INFO o.a.j.s.SampleEvent: List of sample_variables: []
2025-03-04 17:21:36,784 INFO o.a.j.e.u.CompoundVariable: Note: Function class names must contain the string: '.functions.'
2025-03-04 17:21:36,785 INFO o.a.j.e.u.CompoundVariable: Note: Function class names must not contain the string: '.gui.'
2025-03-04 17:21:36,836 INFO o.a.j.JMeter: Running test (1741080096836)
2025-03-04 17:21:36,850 INFO o.a.j.e.StandardJMeterEngine: Starting ThreadGroup: 1 : 线程组
2025-03-04 17:21:36,850 INFO o.a.j.e.StandardJMeterEngine: Starting 100 threads for group 线程组.
2025-03-04 17:21:36,850 INFO o.a.j.e.StandardJMeterEngine: Thread will continue on error
2025-03-04 17:21:36,850 INFO o.a.j.t.ThreadGroup: Starting thread group... number=1 threads=100 ramp-up=10 delayedStart=false
2025-03-04 17:21:36,855 INFO o.a.j.t.JMeterThread: Thread started: 线程组 1-1
2025-03-04 17:21:36,867 INFO o.a.j.p.h.s.HTTPHCAbstractImpl: Local host = cyang-Dx-III
2025-03-04 17:21:36,872 INFO o.a.j.t.ThreadGroup: Started thread group number 1
2025-03-04 17:21:36,872 INFO o.a.j.e.StandardJMeterEngine: All thread groups have been started
2025-03-04 17:21:36,872 INFO o.a.j.p.h.s.HTTPHC4Impl: HTTP request retry count = 0
2025-03-04 17:21:36,873 INFO o.a.j.s.SampleResult: Note: Sample TimeStamps are START times
2025-03-04 17:21:36,873 INFO o.a.j.s.SampleResult: sampleresult.default.encoding is set to UTF-8
2025-03-04 17:21:36,873 INFO o.a.j.s.SampleResult: sampleresult.useNanoTime=true
2025-03-04 17:21:36,873 INFO o.a.j.s.SampleResult: sampleresult.nanoThreadSleep=5000
2025-03-04 17:21:36,937 INFO o.a.j.t.JMeterThread: Thread is done: 线程组 1-1
2025-03-04 17:21:36,937 INFO o.a.j.t.JMeterThread: Thread finished: 线程组 1-1
2025-03-04 17:21:36,952 INFO o.a.j.t.JMeterThread: Thread started: 线程组 1-2
2025-03-04 17:21:36,955 INFO o.a.j.t.JMeterThread: Thread is done: 线程组 1-2
2025-03-04 17:21:36,955 INFO o.a.j.t.JMeterThread: Thread finished: 线程组 1-2
2025-03-04 17:21:37,052 INFO o.a.j.t.JMeterThread: Thread started: 线程组 1-3
2025-03-04 17:21:37,055 INFO o.a.j.t.JMeterThread: Thread is done: 线程组 1-3
2025-03-04 17:21:37,055 INFO o.a.j.t.JMeterThread: Thread finished: 线程组 1-3
2025-03-04 17:21:37,151 INFO o.a.j.t.JMeterThread: Thread started: 线程组 1-4
2025-03-04 17:21:37,155 INFO o.a.j.t.JMeterThread: Thread is done: 线程组 1-4
2025-03-04 17:21:37,155 INFO o.a.j.t.JMeterThread: Thread finished: 线程组 1-4
2025-03-04 17:21:37,251 INFO o.a.j.t.JMeterThread: Thread started: 线程组 1-5
2025-03-04 17:21:37,254 INFO o.a.j.t.JMeterThread: Thread is done: 线程组 1-5
2025-03-04 17:21:37,254 INFO o.a.j.t.JMeterThread: Thread finished: 线程组 1-5
2025-03-04 17:21:37,351 INFO o.a.j.t.JMeterThread: Thread started: 线程组 1-6
2025-03-04 17:21:37,354 INFO o.a.j.t.JMeterThread: Thread is done: 线程组 1-6
2025-03-04 17:21:37,354 INFO o.a.j.t.JMeterThread: Thread finished: 线程组 1-6
2025-03-04 17:21:37,450 INFO o.a.j.t.JMeterThread: Thread started: 线程组 1-7
2025-03-04 17:21:37,460 INFO o.a.j.t.JMeterThread: Thread is done: 线程组 1-7
2025-03-04 17:21:37,460 INFO o.a.j.t.JMeterThread: Thread finished: 线程组 1-7
2025-03-04 17:21:37,551 INFO o.a.j.t.JMeterThread: Thread started: 线程组 1-8
2025-03-04 17:21:37,560 INFO o.a.j.t.JMeterThread: Thread is done: 线程组 1-8
2025-03-04 17:21:37,561 INFO o.a.j.t.JMeterThread: Thread finished: 线程组 1-8
2025-03-04 17:21:37,651 INFO o.a.j.t.JMeterThread: Thread started: 线程组 1-9
2025-03-04 17:21:37,661 INFO o.a.j.t.JMeterThread: Thread is done: 线程组 1-9
2025-03-04 17:21:37,661 INFO o.a.j.t.JMeterThread: Thread finished: 线程组 1-9
2025-03-04 17:21:37,750 INFO o.a.j.t.JMeterThread: Thread started: 线程组 1-10
2025-03-04 17:21:37,760 INFO o.a.j.t.JMeterThread: Thread is done: 线程组 1-10
2025-03-04 17:21:37,760 INFO o.a.j.t.JMeterThread: Thread finished: 线程组 1-10
2025-03-04 17:21:37,851 INFO o.a.j.t.JMeterThread: Thread started: 线程组 1-11
2025-03-04 17:21:37,860 INFO o.a.j.t.JMeterThread: Thread is done: 线程组 1-11
2025-03-04 17:21:37,860 INFO o.a.j.t.JMeterThread: Thread finished: 线程组 1-11
2025-03-04 17:21:37,950 INFO o.a.j.t.JMeterThread: Thread started: 线程组 1-12
2025-03-04 17:21:37,959 INFO o.a.j.t.JMeterThread: Thread is done: 线程组 1-12
2025-03-04 17:21:37,960 INFO o.a.j.t.JMeterThread: Thread finished: 线程组 1-12
2025-03-04 17:21:38,051 INFO o.a.j.t.JMeterThread: Thread started: 线程组 1-13
2025-03-04 17:21:38,054 INFO o.a.j.t.JMeterThread: Thread is done: 线程组 1-13
2025-03-04 17:21:38,054 INFO o.a.j.t.JMeterThread: Thread finished: 线程组 1-13
2025-03-04 17:21:38,150 INFO o.a.j.t.JMeterThread: Thread started: 线程组 1-14
2025-03-04 17:21:38,159 INFO o.a.j.t.JMeterThread: Thread is done: 线程组 1-14
2025-03-04 17:21:38,160 INFO o.a.j.t.JMeterThread: Thread finished: 线程组 1-14
2025-03-04 17:21:38,251 INFO o.a.j.t.JMeterThread: Thread started: 线程组 1-15
2025-03-04 17:21:38,260 INFO o.a.j.t.JMeterThread: Thread is done: 线程组 1-15
2025-03-04 17:21:38,260 INFO o.a.j.t.JMeterThread: Thread finished: 线程组 1-15
2025-03-04 17:21:38,350 INFO o.a.j.t.JMeterThread: Thread started: 线程组 1-16
2025-03-04 17:21:38,354 INFO o.a.j.t.JMeterThread: Thread is done: 线程组 1-16
2025-03-04 17:21:38,354 INFO o.a.j.t.JMeterThread: Thread finished: 线程组 1-16
2025-03-04 17:21:38,451 INFO o.a.j.t.JMeterThread: Thread started: 线程组 1-17
2025-03-04 17:21:38,455 INFO o.a.j.t.JMeterThread: Thread is done: 线程组 1-17
2025-03-04 17:21:38,456 INFO o.a.j.t.JMeterThread: Thread finished: 线程组 1-17
2025-03-04 17:21:38,550 INFO o.a.j.t.JMeterThread: Thread started: 线程组 1-18
2025-03-04 17:21:38,560 INFO o.a.j.t.JMeterThread: Thread is done: 线程组 1-18
2025-03-04 17:21:38,561 INFO o.a.j.t.JMeterThread: Thread finished: 线程组 1-18
2025-03-04 17:21:38,651 INFO o.a.j.t.JMeterThread: Thread started: 线程组 1-19
2025-03-04 17:21:38,660 INFO o.a.j.t.JMeterThread: Thread is done: 线程组 1-19
2025-03-04 17:21:38,660 INFO o.a.j.t.JMeterThread: Thread finished: 线程组 1-19
2025-03-04 17:21:38,750 INFO o.a.j.t.JMeterThread: Thread started: 线程组 1-20
2025-03-04 17:21:38,759 INFO o.a.j.t.JMeterThread: Thread is done: 线程组 1-20
2025-03-04 17:21:38,759 INFO o.a.j.t.JMeterThread: Thread finished: 线程组 1-20
2025-03-04 17:21:38,851 INFO o.a.j.t.JMeterThread: Thread started: 线程组 1-21
2025-03-04 17:21:38,854 INFO o.a.j.t.JMeterThread: Thread is done: 线程组 1-21
2025-03-04 17:21:38,854 INFO o.a.j.t.JMeterThread: Thread finished: 线程组 1-21
2025-03-04 17:21:38,950 INFO o.a.j.t.JMeterThread: Thread started: 线程组 1-22
2025-03-04 17:21:38,960 INFO o.a.j.t.JMeterThread: Thread is done: 线程组 1-22
2025-03-04 17:21:38,960 INFO o.a.j.t.JMeterThread: Thread finished: 线程组 1-22
2025-03-04 17:21:39,051 INFO o.a.j.t.JMeterThread: Thread started: 线程组 1-23
2025-03-04 17:21:39,060 INFO o.a.j.t.JMeterThread: Thread is done: 线程组 1-23
2025-03-04 17:21:39,060 INFO o.a.j.t.JMeterThread: Thread finished: 线程组 1-23
2025-03-04 17:21:39,150 INFO o.a.j.t.JMeterThread: Thread started: 线程组 1-24
2025-03-04 17:21:39,155 INFO o.a.j.t.JMeterThread: Thread is done: 线程组 1-24
2025-03-04 17:21:39,155 INFO o.a.j.t.JMeterThread: Thread finished: 线程组 1-24
2025-03-04 17:21:39,251 INFO o.a.j.t.JMeterThread: Thread started: 线程组 1-25
2025-03-04 17:21:39,260 INFO o.a.j.t.JMeterThread: Thread is done: 线程组 1-25
2025-03-04 17:21:39,261 INFO o.a.j.t.JMeterThread: Thread finished: 线程组 1-25
2025-03-04 17:21:39,351 INFO o.a.j.t.JMeterThread: Thread started: 线程组 1-26
2025-03-04 17:21:39,359 INFO o.a.j.t.JMeterThread: Thread is done: 线程组 1-26
2025-03-04 17:21:39,360 INFO o.a.j.t.JMeterThread: Thread finished: 线程组 1-26
2025-03-04 17:21:39,450 INFO o.a.j.t.JMeterThread: Thread started: 线程组 1-27
2025-03-04 17:21:39,460 INFO o.a.j.t.JMeterThread: Thread is done: 线程组 1-27
2025-03-04 17:21:39,460 INFO o.a.j.t.JMeterThread: Thread finished: 线程组 1-27
2025-03-04 17:21:39,551 INFO o.a.j.t.JMeterThread: Thread started: 线程组 1-28
2025-03-04 17:21:39,559 INFO o.a.j.t.JMeterThread: Thread is done: 线程组 1-28
2025-03-04 17:21:39,560 INFO o.a.j.t.JMeterThread: Thread finished: 线程组 1-28
2025-03-04 17:21:39,651 INFO o.a.j.t.JMeterThread: Thread started: 线程组 1-29
2025-03-04 17:21:39,653 INFO o.a.j.t.JMeterThread: Thread is done: 线程组 1-29
2025-03-04 17:21:39,653 INFO o.a.j.t.JMeterThread: Thread finished: 线程组 1-29
2025-03-04 17:21:39,751 INFO o.a.j.t.JMeterThread: Thread started: 线程组 1-30
2025-03-04 17:21:39,760 INFO o.a.j.t.JMeterThread: Thread is done: 线程组 1-30
2025-03-04 17:21:39,760 INFO o.a.j.t.JMeterThread: Thread finished: 线程组 1-30
2025-03-04 17:21:39,851 INFO o.a.j.t.JMeterThread: Thread started: 线程组 1-31
2025-03-04 17:21:39,855 INFO o.a.j.t.JMeterThread: Thread is done: 线程组 1-31
2025-03-04 17:21:39,855 INFO o.a.j.t.JMeterThread: Thread finished: 线程组 1-31
2025-03-04 17:21:39,951 INFO o.a.j.t.JMeterThread: Thread started: 线程组 1-32
2025-03-04 17:21:39,960 INFO o.a.j.t.JMeterThread: Thread is done: 线程组 1-32
2025-03-04 17:21:39,960 INFO o.a.j.t.JMeterThread: Thread finished: 线程组 1-32
2025-03-04 17:21:40,051 INFO o.a.j.t.JMeterThread: Thread started: 线程组 1-33
2025-03-04 17:21:40,053 INFO o.a.j.t.JMeterThread: Thread is done: 线程组 1-33
2025-03-04 17:21:40,053 INFO o.a.j.t.JMeterThread: Thread finished: 线程组 1-33
2025-03-04 17:21:40,150 INFO o.a.j.t.JMeterThread: Thread started: 线程组 1-34
2025-03-04 17:21:40,158 INFO o.a.j.t.JMeterThread: Thread is done: 线程组 1-34
2025-03-04 17:21:40,159 INFO o.a.j.t.JMeterThread: Thread finished: 线程组 1-34
2025-03-04 17:21:40,250 INFO o.a.j.t.JMeterThread: Thread started: 线程组 1-35
2025-03-04 17:21:40,258 INFO o.a.j.t.JMeterThread: Thread is done: 线程组 1-35
2025-03-04 17:21:40,259 INFO o.a.j.t.JMeterThread: Thread finished: 线程组 1-35
2025-03-04 17:21:40,351 INFO o.a.j.t.JMeterThread: Thread started: 线程组 1-36
2025-03-04 17:21:40,360 INFO o.a.j.t.JMeterThread: Thread is done: 线程组 1-36
2025-03-04 17:21:40,360 INFO o.a.j.t.JMeterThread: Thread finished: 线程组 1-36
2025-03-04 17:21:40,450 INFO o.a.j.t.JMeterThread: Thread started: 线程组 1-37
2025-03-04 17:21:40,460 INFO o.a.j.t.JMeterThread: Thread is done: 线程组 1-37
2025-03-04 17:21:40,460 INFO o.a.j.t.JMeterThread: Thread finished: 线程组 1-37
2025-03-04 17:21:40,550 INFO o.a.j.t.JMeterThread: Thread started: 线程组 1-38
2025-03-04 17:21:40,554 INFO o.a.j.t.JMeterThread: Thread is done: 线程组 1-38
2025-03-04 17:21:40,554 INFO o.a.j.t.JMeterThread: Thread finished: 线程组 1-38
2025-03-04 17:21:40,650 INFO o.a.j.t.JMeterThread: Thread started: 线程组 1-39
2025-03-04 17:21:40,654 INFO o.a.j.t.JMeterThread: Thread is done: 线程组 1-39
2025-03-04 17:21:40,654 INFO o.a.j.t.JMeterThread: Thread finished: 线程组 1-39
2025-03-04 17:21:40,752 INFO o.a.j.t.JMeterThread: Thread started: 线程组 1-40
2025-03-04 17:21:40,760 INFO o.a.j.t.JMeterThread: Thread is done: 线程组 1-40
2025-03-04 17:21:40,760 INFO o.a.j.t.JMeterThread: Thread finished: 线程组 1-40
2025-03-04 17:21:40,850 INFO o.a.j.t.JMeterThread: Thread started: 线程组 1-41
2025-03-04 17:21:40,853 INFO o.a.j.t.JMeterThread: Thread is done: 线程组 1-41
2025-03-04 17:21:40,853 INFO o.a.j.t.JMeterThread: Thread finished: 线程组 1-41
2025-03-04 17:21:40,951 INFO o.a.j.t.JMeterThread: Thread started: 线程组 1-42
2025-03-04 17:21:40,959 INFO o.a.j.t.JMeterThread: Thread is done: 线程组 1-42
2025-03-04 17:21:40,960 INFO o.a.j.t.JMeterThread: Thread finished: 线程组 1-42
2025-03-04 17:21:41,050 INFO o.a.j.t.JMeterThread: Thread started: 线程组 1-43
2025-03-04 17:21:41,059 INFO o.a.j.t.JMeterThread: Thread is done: 线程组 1-43
2025-03-04 17:21:41,059 INFO o.a.j.t.JMeterThread: Thread finished: 线程组 1-43
2025-03-04 17:21:41,150 INFO o.a.j.t.JMeterThread: Thread started: 线程组 1-44
2025-03-04 17:21:41,154 INFO o.a.j.t.JMeterThread: Thread is done: 线程组 1-44
2025-03-04 17:21:41,154 INFO o.a.j.t.JMeterThread: Thread finished: 线程组 1-44
2025-03-04 17:21:41,251 INFO o.a.j.t.JMeterThread: Thread started: 线程组 1-45
2025-03-04 17:21:41,256 INFO o.a.j.t.JMeterThread: Thread is done: 线程组 1-45
2025-03-04 17:21:41,256 INFO o.a.j.t.JMeterThread: Thread finished: 线程组 1-45
2025-03-04 17:21:41,351 INFO o.a.j.t.JMeterThread: Thread started: 线程组 1-46
2025-03-04 17:21:41,359 INFO o.a.j.t.JMeterThread: Thread is done: 线程组 1-46
2025-03-04 17:21:41,359 INFO o.a.j.t.JMeterThread: Thread finished: 线程组 1-46
2025-03-04 17:21:41,451 INFO o.a.j.t.JMeterThread: Thread started: 线程组 1-47
2025-03-04 17:21:41,459 INFO o.a.j.t.JMeterThread: Thread is done: 线程组 1-47
2025-03-04 17:21:41,459 INFO o.a.j.t.JMeterThread: Thread finished: 线程组 1-47
2025-03-04 17:21:41,551 INFO o.a.j.t.JMeterThread: Thread started: 线程组 1-48
2025-03-04 17:21:41,559 INFO o.a.j.t.JMeterThread: Thread is done: 线程组 1-48
2025-03-04 17:21:41,559 INFO o.a.j.t.JMeterThread: Thread finished: 线程组 1-48
2025-03-04 17:21:41,650 INFO o.a.j.t.JMeterThread: Thread started: 线程组 1-49
2025-03-04 17:21:41,658 INFO o.a.j.t.JMeterThread: Thread is done: 线程组 1-49
2025-03-04 17:21:41,659 INFO o.a.j.t.JMeterThread: Thread finished: 线程组 1-49
2025-03-04 17:21:41,750 INFO o.a.j.t.JMeterThread: Thread started: 线程组 1-50
2025-03-04 17:21:41,758 INFO o.a.j.t.JMeterThread: Thread is done: 线程组 1-50
2025-03-04 17:21:41,758 INFO o.a.j.t.JMeterThread: Thread finished: 线程组 1-50
2025-03-04 17:21:41,851 INFO o.a.j.t.JMeterThread: Thread started: 线程组 1-51
2025-03-04 17:21:41,859 INFO o.a.j.t.JMeterThread: Thread is done: 线程组 1-51
2025-03-04 17:21:41,860 INFO o.a.j.t.JMeterThread: Thread finished: 线程组 1-51
2025-03-04 17:21:41,951 INFO o.a.j.t.JMeterThread: Thread started: 线程组 1-52
2025-03-04 17:21:41,958 INFO o.a.j.t.JMeterThread: Thread is done: 线程组 1-52
2025-03-04 17:21:41,958 INFO o.a.j.t.JMeterThread: Thread finished: 线程组 1-52
2025-03-04 17:21:42,050 INFO o.a.j.t.JMeterThread: Thread started: 线程组 1-53
2025-03-04 17:21:42,053 INFO o.a.j.t.JMeterThread: Thread is done: 线程组 1-53
2025-03-04 17:21:42,053 INFO o.a.j.t.JMeterThread: Thread finished: 线程组 1-53
2025-03-04 17:21:42,150 INFO o.a.j.t.JMeterThread: Thread started: 线程组 1-54
2025-03-04 17:21:42,158 INFO o.a.j.t.JMeterThread: Thread is done: 线程组 1-54
2025-03-04 17:21:42,158 INFO o.a.j.t.JMeterThread: Thread finished: 线程组 1-54
2025-03-04 17:21:42,250 INFO o.a.j.t.JMeterThread: Thread started: 线程组 1-55
2025-03-04 17:21:42,258 INFO o.a.j.t.JMeterThread: Thread is done: 线程组 1-55
2025-03-04 17:21:42,259 INFO o.a.j.t.JMeterThread: Thread finished: 线程组 1-55
2025-03-04 17:21:42,350 INFO o.a.j.t.JMeterThread: Thread started: 线程组 1-56
2025-03-04 17:21:42,358 INFO o.a.j.t.JMeterThread: Thread is done: 线程组 1-56
2025-03-04 17:21:42,358 INFO o.a.j.t.JMeterThread: Thread finished: 线程组 1-56
2025-03-04 17:21:42,451 INFO o.a.j.t.JMeterThread: Thread started: 线程组 1-57
2025-03-04 17:21:42,460 INFO o.a.j.t.JMeterThread: Thread is done: 线程组 1-57
2025-03-04 17:21:42,460 INFO o.a.j.t.JMeterThread: Thread finished: 线程组 1-57
2025-03-04 17:21:42,551 INFO o.a.j.t.JMeterThread: Thread started: 线程组 1-58
2025-03-04 17:21:42,559 INFO o.a.j.t.JMeterThread: Thread is done: 线程组 1-58
2025-03-04 17:21:42,560 INFO o.a.j.t.JMeterThread: Thread finished: 线程组 1-58
2025-03-04 17:21:42,651 INFO o.a.j.t.JMeterThread: Thread started: 线程组 1-59
2025-03-04 17:21:42,659 INFO o.a.j.t.JMeterThread: Thread is done: 线程组 1-59
2025-03-04 17:21:42,659 INFO o.a.j.t.JMeterThread: Thread finished: 线程组 1-59
2025-03-04 17:21:42,751 INFO o.a.j.t.JMeterThread: Thread started: 线程组 1-60
2025-03-04 17:21:42,759 INFO o.a.j.t.JMeterThread: Thread is done: 线程组 1-60
2025-03-04 17:21:42,759 INFO o.a.j.t.JMeterThread: Thread finished: 线程组 1-60
2025-03-04 17:21:42,850 INFO o.a.j.t.JMeterThread: Thread started: 线程组 1-61
2025-03-04 17:21:42,859 INFO o.a.j.t.JMeterThread: Thread is done: 线程组 1-61
2025-03-04 17:21:42,859 INFO o.a.j.t.JMeterThread: Thread finished: 线程组 1-61
2025-03-04 17:21:42,950 INFO o.a.j.t.JMeterThread: Thread started: 线程组 1-62
2025-03-04 17:21:42,959 INFO o.a.j.t.JMeterThread: Thread is done: 线程组 1-62
2025-03-04 17:21:42,959 INFO o.a.j.t.JMeterThread: Thread finished: 线程组 1-62
2025-03-04 17:21:43,050 INFO o.a.j.t.JMeterThread: Thread started: 线程组 1-63
2025-03-04 17:21:43,057 INFO o.a.j.t.JMeterThread: Thread is done: 线程组 1-63
2025-03-04 17:21:43,058 INFO o.a.j.t.JMeterThread: Thread finished: 线程组 1-63
2025-03-04 17:21:43,151 INFO o.a.j.t.JMeterThread: Thread started: 线程组 1-64
2025-03-04 17:21:43,160 INFO o.a.j.t.JMeterThread: Thread is done: 线程组 1-64
2025-03-04 17:21:43,161 INFO o.a.j.t.JMeterThread: Thread finished: 线程组 1-64
2025-03-04 17:21:43,252 INFO o.a.j.t.JMeterThread: Thread started: 线程组 1-65
2025-03-04 17:21:43,260 INFO o.a.j.t.JMeterThread: Thread is done: 线程组 1-65
2025-03-04 17:21:43,261 INFO o.a.j.t.JMeterThread: Thread finished: 线程组 1-65
2025-03-04 17:21:43,350 INFO o.a.j.t.JMeterThread: Thread started: 线程组 1-66
2025-03-04 17:21:43,354 INFO o.a.j.t.JMeterThread: Thread is done: 线程组 1-66
2025-03-04 17:21:43,354 INFO o.a.j.t.JMeterThread: Thread finished: 线程组 1-66
2025-03-04 17:21:43,450 INFO o.a.j.t.JMeterThread: Thread started: 线程组 1-67
2025-03-04 17:21:43,458 INFO o.a.j.t.JMeterThread: Thread is done: 线程组 1-67
2025-03-04 17:21:43,458 INFO o.a.j.t.JMeterThread: Thread finished: 线程组 1-67
2025-03-04 17:21:43,551 INFO o.a.j.t.JMeterThread: Thread started: 线程组 1-68
2025-03-04 17:21:43,558 INFO o.a.j.t.JMeterThread: Thread is done: 线程组 1-68
2025-03-04 17:21:43,558 INFO o.a.j.t.JMeterThread: Thread finished: 线程组 1-68
2025-03-04 17:21:43,650 INFO o.a.j.t.JMeterThread: Thread started: 线程组 1-69
2025-03-04 17:21:43,659 INFO o.a.j.t.JMeterThread: Thread is done: 线程组 1-69
2025-03-04 17:21:43,659 INFO o.a.j.t.JMeterThread: Thread finished: 线程组 1-69
2025-03-04 17:21:43,751 INFO o.a.j.t.JMeterThread: Thread started: 线程组 1-70
2025-03-04 17:21:43,760 INFO o.a.j.t.JMeterThread: Thread is done: 线程组 1-70
2025-03-04 17:21:43,760 INFO o.a.j.t.JMeterThread: Thread finished: 线程组 1-70
2025-03-04 17:21:43,851 INFO o.a.j.t.JMeterThread: Thread started: 线程组 1-71
2025-03-04 17:21:43,859 INFO o.a.j.t.JMeterThread: Thread is done: 线程组 1-71
2025-03-04 17:21:43,859 INFO o.a.j.t.JMeterThread: Thread finished: 线程组 1-71
2025-03-04 17:21:43,951 INFO o.a.j.t.JMeterThread: Thread started: 线程组 1-72
2025-03-04 17:21:43,958 INFO o.a.j.t.JMeterThread: Thread is done: 线程组 1-72
2025-03-04 17:21:43,959 INFO o.a.j.t.JMeterThread: Thread finished: 线程组 1-72
2025-03-04 17:21:44,051 INFO o.a.j.t.JMeterThread: Thread started: 线程组 1-73
2025-03-04 17:21:44,053 INFO o.a.j.t.JMeterThread: Thread is done: 线程组 1-73
2025-03-04 17:21:44,053 INFO o.a.j.t.JMeterThread: Thread finished: 线程组 1-73
2025-03-04 17:21:44,150 INFO o.a.j.t.JMeterThread: Thread started: 线程组 1-74
2025-03-04 17:21:44,158 INFO o.a.j.t.JMeterThread: Thread is done: 线程组 1-74
2025-03-04 17:21:44,158 INFO o.a.j.t.JMeterThread: Thread finished: 线程组 1-74
2025-03-04 17:21:44,251 INFO o.a.j.t.JMeterThread: Thread started: 线程组 1-75
2025-03-04 17:21:44,259 INFO o.a.j.t.JMeterThread: Thread is done: 线程组 1-75
2025-03-04 17:21:44,259 INFO o.a.j.t.JMeterThread: Thread finished: 线程组 1-75
2025-03-04 17:21:44,352 INFO o.a.j.t.JMeterThread: Thread started: 线程组 1-76
2025-03-04 17:21:44,359 INFO o.a.j.t.JMeterThread: Thread is done: 线程组 1-76
2025-03-04 17:21:44,359 INFO o.a.j.t.JMeterThread: Thread finished: 线程组 1-76
2025-03-04 17:21:44,452 INFO o.a.j.t.JMeterThread: Thread started: 线程组 1-77
2025-03-04 17:21:44,460 INFO o.a.j.t.JMeterThread: Thread is done: 线程组 1-77
2025-03-04 17:21:44,460 INFO o.a.j.t.JMeterThread: Thread finished: 线程组 1-77
2025-03-04 17:21:44,551 INFO o.a.j.t.JMeterThread: Thread started: 线程组 1-78
2025-03-04 17:21:44,559 INFO o.a.j.t.JMeterThread: Thread is done: 线程组 1-78
2025-03-04 17:21:44,559 INFO o.a.j.t.JMeterThread: Thread finished: 线程组 1-78
2025-03-04 17:21:44,650 INFO o.a.j.t.JMeterThread: Thread started: 线程组 1-79
2025-03-04 17:21:44,657 INFO o.a.j.t.JMeterThread: Thread is done: 线程组 1-79
2025-03-04 17:21:44,658 INFO o.a.j.t.JMeterThread: Thread finished: 线程组 1-79
2025-03-04 17:21:44,750 INFO o.a.j.t.JMeterThread: Thread started: 线程组 1-80
2025-03-04 17:21:44,758 INFO o.a.j.t.JMeterThread: Thread is done: 线程组 1-80
2025-03-04 17:21:44,758 INFO o.a.j.t.JMeterThread: Thread finished: 线程组 1-80
2025-03-04 17:21:44,850 INFO o.a.j.t.JMeterThread: Thread started: 线程组 1-81
2025-03-04 17:21:44,858 INFO o.a.j.t.JMeterThread: Thread is done: 线程组 1-81
2025-03-04 17:21:44,858 INFO o.a.j.t.JMeterThread: Thread finished: 线程组 1-81
2025-03-04 17:21:44,952 INFO o.a.j.t.JMeterThread: Thread started: 线程组 1-82
2025-03-04 17:21:44,960 INFO o.a.j.t.JMeterThread: Thread is done: 线程组 1-82
2025-03-04 17:21:44,960 INFO o.a.j.t.JMeterThread: Thread finished: 线程组 1-82
2025-03-04 17:21:45,051 INFO o.a.j.t.JMeterThread: Thread started: 线程组 1-83
2025-03-04 17:21:45,059 INFO o.a.j.t.JMeterThread: Thread is done: 线程组 1-83
2025-03-04 17:21:45,059 INFO o.a.j.t.JMeterThread: Thread finished: 线程组 1-83
2025-03-04 17:21:45,151 INFO o.a.j.t.JMeterThread: Thread started: 线程组 1-84
2025-03-04 17:21:45,158 INFO o.a.j.t.JMeterThread: Thread is done: 线程组 1-84
2025-03-04 17:21:45,159 INFO o.a.j.t.JMeterThread: Thread finished: 线程组 1-84
2025-03-04 17:21:45,250 INFO o.a.j.t.JMeterThread: Thread started: 线程组 1-85
2025-03-04 17:21:45,258 INFO o.a.j.t.JMeterThread: Thread is done: 线程组 1-85
2025-03-04 17:21:45,258 INFO o.a.j.t.JMeterThread: Thread finished: 线程组 1-85
2025-03-04 17:21:45,350 INFO o.a.j.t.JMeterThread: Thread started: 线程组 1-86
2025-03-04 17:21:45,353 INFO o.a.j.t.JMeterThread: Thread is done: 线程组 1-86
2025-03-04 17:21:45,353 INFO o.a.j.t.JMeterThread: Thread finished: 线程组 1-86
2025-03-04 17:21:45,450 INFO o.a.j.t.JMeterThread: Thread started: 线程组 1-87
2025-03-04 17:21:45,457 INFO o.a.j.t.JMeterThread: Thread is done: 线程组 1-87
2025-03-04 17:21:45,458 INFO o.a.j.t.JMeterThread: Thread finished: 线程组 1-87
2025-03-04 17:21:45,550 INFO o.a.j.t.JMeterThread: Thread started: 线程组 1-88
2025-03-04 17:21:45,553 INFO o.a.j.t.JMeterThread: Thread is done: 线程组 1-88
2025-03-04 17:21:45,553 INFO o.a.j.t.JMeterThread: Thread finished: 线程组 1-88
2025-03-04 17:21:45,651 INFO o.a.j.t.JMeterThread: Thread started: 线程组 1-89
2025-03-04 17:21:45,658 INFO o.a.j.t.JMeterThread: Thread is done: 线程组 1-89
2025-03-04 17:21:45,658 INFO o.a.j.t.JMeterThread: Thread finished: 线程组 1-89
2025-03-04 17:21:45,752 INFO o.a.j.t.JMeterThread: Thread started: 线程组 1-90
2025-03-04 17:21:45,759 INFO o.a.j.t.JMeterThread: Thread is done: 线程组 1-90
2025-03-04 17:21:45,759 INFO o.a.j.t.JMeterThread: Thread finished: 线程组 1-90
2025-03-04 17:21:45,852 INFO o.a.j.t.JMeterThread: Thread started: 线程组 1-91
2025-03-04 17:21:45,859 INFO o.a.j.t.JMeterThread: Thread is done: 线程组 1-91
2025-03-04 17:21:45,860 INFO o.a.j.t.JMeterThread: Thread finished: 线程组 1-91
2025-03-04 17:21:45,952 INFO o.a.j.t.JMeterThread: Thread started: 线程组 1-92
2025-03-04 17:21:45,973 INFO o.a.j.t.JMeterThread: Thread is done: 线程组 1-92
2025-03-04 17:21:45,973 INFO o.a.j.t.JMeterThread: Thread finished: 线程组 1-92
2025-03-04 17:21:46,050 INFO o.a.j.t.JMeterThread: Thread started: 线程组 1-93
2025-03-04 17:21:46,053 INFO o.a.j.t.JMeterThread: Thread is done: 线程组 1-93
2025-03-04 17:21:46,053 INFO o.a.j.t.JMeterThread: Thread finished: 线程组 1-93
2025-03-04 17:21:46,150 INFO o.a.j.t.JMeterThread: Thread started: 线程组 1-94
2025-03-04 17:21:46,154 INFO o.a.j.t.JMeterThread: Thread is done: 线程组 1-94
2025-03-04 17:21:46,154 INFO o.a.j.t.JMeterThread: Thread finished: 线程组 1-94
2025-03-04 17:21:46,250 INFO o.a.j.t.JMeterThread: Thread started: 线程组 1-95
2025-03-04 17:21:46,257 INFO o.a.j.t.JMeterThread: Thread is done: 线程组 1-95
2025-03-04 17:21:46,258 INFO o.a.j.t.JMeterThread: Thread finished: 线程组 1-95
2025-03-04 17:21:46,351 INFO o.a.j.t.JMeterThread: Thread started: 线程组 1-96
2025-03-04 17:21:46,358 INFO o.a.j.t.JMeterThread: Thread is done: 线程组 1-96
2025-03-04 17:21:46,359 INFO o.a.j.t.JMeterThread: Thread finished: 线程组 1-96
2025-03-04 17:21:46,451 INFO o.a.j.t.JMeterThread: Thread started: 线程组 1-97
2025-03-04 17:21:46,458 INFO o.a.j.t.JMeterThread: Thread is done: 线程组 1-97
2025-03-04 17:21:46,459 INFO o.a.j.t.JMeterThread: Thread finished: 线程组 1-97
2025-03-04 17:21:46,551 INFO o.a.j.t.JMeterThread: Thread started: 线程组 1-98
2025-03-04 17:21:46,555 INFO o.a.j.t.JMeterThread: Thread is done: 线程组 1-98
2025-03-04 17:21:46,555 INFO o.a.j.t.JMeterThread: Thread finished: 线程组 1-98
2025-03-04 17:21:46,650 INFO o.a.j.t.JMeterThread: Thread started: 线程组 1-99
2025-03-04 17:21:46,657 INFO o.a.j.t.JMeterThread: Thread is done: 线程组 1-99
2025-03-04 17:21:46,658 INFO o.a.j.t.JMeterThread: Thread finished: 线程组 1-99
2025-03-04 17:21:46,750 INFO o.a.j.t.JMeterThread: Thread started: 线程组 1-100
2025-03-04 17:21:46,758 INFO o.a.j.t.JMeterThread: Thread is done: 线程组 1-100
2025-03-04 17:21:46,758 INFO o.a.j.t.JMeterThread: Thread finished: 线程组 1-100
2025-03-04 17:21:46,759 INFO o.a.j.e.StandardJMeterEngine: Notifying test listeners of end of test
2025-03-04 17:21:46,762 INFO o.a.j.r.Summariser: summary =    100 in 00:00:10 =   10.1/s Avg:     4 Min:     1 Max:    21 Err:     0 (0.00%)
